[21:27:18] nowcast-train      ...
[01:07:27] nowcast-train      ok  13208.9s  -> D:\Deep Learning algorithm for Forecasting and Nowcasting Solar Flares using combined Soft and Hard X-ray data from Aditya-L1 (SoLEXS + HEL1OS)\outputs\archive\reports\logs\nowcast-train.log
[01:07:27] baselines          ...
[01:22:31] baselines          ok   904.2s  -> D:\Deep Learning algorithm for Forecasting and Nowcasting Solar Flares using combined Soft and Hard X-ray data from Aditya-L1 (SoLEXS + HEL1OS)\outputs\archive\reports\logs\baselines.log
[01:22:31] forecast-cv        ...
[04:41:23] forecast-cv        ok  11931.8s  -> D:\Deep Learning algorithm for Forecasting and Nowcasting Solar Flares using combined Soft and Hard X-ray data from Aditya-L1 (SoLEXS + HEL1OS)\outputs\archive\reports\logs\forecast-cv.log
[04:41:23] fusion             ...
[05:55:52] fusion             ok  4469.2s  -> D:\Deep Learning algorithm for Forecasting and Nowcasting Solar Flares using combined Soft and Hard X-ray data from Aditya-L1 (SoLEXS + HEL1OS)\outputs\archive\reports\logs\fusion.log
[05:55:52] report             ...
[05:55:52] report             ok     0.4s  -> D:\Deep Learning algorithm for Forecasting and Nowcasting Solar Flares using combined Soft and Hard X-ray data from Aditya-L1 (SoLEXS + HEL1OS)\outputs\archive\reports\logs\report.log

============================================================
  tests-correctness  skipped                0.0s
  tests-robustness   skipped                0.0s
  tests-scale        skipped                0.0s
  tests-extract      skipped                0.0s
  tests-hel1os       skipped                0.0s
  cache              skipped                0.0s
  inspect            skipped                0.0s
  nowcast-train      ok                 13208.9s
  baselines          ok                   904.2s
  forecast-cv        ok                 11931.8s
  fusion             ok                  4469.2s
  report             ok                     0.4s
  total                                 30514.6s
============================================================
ALL STAGES OK
