SoLEXS observations:
  SDD2 20260910  n=86400  valid=86376  (100.0%)
HEL1OS observations:
  CZT1 2026-09-11T12:00:03 -> 2026-09-11T23:59:58  n=43188  sampled=17.2%  bands=5

Segments: 2  windows: 2702  (train 1620 / val 360 / test 362)
  solexs_SDD2_20260910: 4320 steps, soft 100% hard 0%, 13 events
  hel1os_CZT1_2026-09-11: 2160 steps, soft 0% hard 100%, 0 events

==========================================================================
BASELINES (same splits, same windows)
==========================================================================

Flare in progress:
         model     TSS     HSS     AUC      BSS
      logistic   0.262   0.326   0.594   -0.174
          gbdt   0.345   0.376   0.636    0.020
   climatology   0.000   0.000   0.500    0.000

Flare occurrence within horizon (TSS):
         model    15min    30min    60min
      logistic    0.146   -0.306    0.068
          gbdt    0.114    0.101   -0.500

Forecast RMSE (log flux):
         model     1min     5min    15min    30min    60min
   persistence   0.1732   0.3065   0.4136   0.3822   0.4393
          gbdt   0.2303   0.3707   0.3584   0.2451   0.2535

wrote outputs\reports\baselines.json
wrote outputs\reports\RESULTS.md
