SoLEXS observations:
  SDD2 20260910  n=86400  valid=86376  (100.0%)
HEL1OS observations:
  CZT1 2026-09-11T12:00:03 -> 2026-09-11T23:59:58  n=43188  sampled=17.2%  bands=5

Segments: 2  windows: 2702  (train 1620 / val 360 / test 362)
  solexs_SDD2_20260910: 4320 steps, soft 100% hard 0%, 13 events
  hel1os_CZT1_2026-09-11: 2160 steps, soft 0% hard 100%, 0 events
  rise samples : 344 drawn from 13 events (of 13 detected)
  lead time    : median 6.8 min, max 29.7 min
  large-flare threshold : 4.47 cts/s (28% of samples positive)
  long-duration events  : 24% of samples
  samples per event     : min 5, max 88

--- encoder: tcn ---
  fold 0: train   48 / test  145 | peak MAE 0.1327 | ttp MAE 9.1 min | 8.2s
  fold 1: train  209 / test  102 | peak MAE 0.8415 | ttp MAE 4.0 min | 8.9s
  fold 2: train  299 / test   22 | peak MAE 0.2319 | ttp MAE 4.9 min | 17.3s

--- encoder: ssm ---
  fold 0: train   48 / test  145 | peak MAE 0.1341 | ttp MAE 12.6 min | 47.2s
  fold 1: train  209 / test  102 | peak MAE 0.6530 | ttp MAE 7.3 min | 221.3s
  fold 2: train  299 / test   22 | peak MAE 0.2768 | ttp MAE 9.5 min | 326.0s

--- encoder: gru ---
  fold 0: train   48 / test  145 | peak MAE 0.0932 | ttp MAE 11.5 min | 0.9s
  fold 1: train  209 / test  102 | peak MAE 0.8959 | ttp MAE 8.2 min | 2.3s
  fold 2: train  299 / test   22 | peak MAE 0.2998 | ttp MAE 5.1 min | 4.7s

--- encoder: transformer ---
