[14:09:06] tests-correctness  ...
[14:09:13] tests-correctness  ok     7.1s  -> outputs\reports\logs\tests-correctness.log
[14:09:13] tests-robustness   ...
[14:09:33] tests-robustness   ok    19.7s  -> outputs\reports\logs\tests-robustness.log
[14:09:33] inspect            ...
[14:09:36] inspect            ok     3.4s  -> outputs\reports\logs\inspect.log
[14:09:36] nowcast-train      ...
[14:11:55] nowcast-train      ok   139.4s  -> outputs\reports\logs\nowcast-train.log
[14:11:55] baselines          ...
[14:12:16] baselines          ok    20.7s  -> outputs\reports\logs\baselines.log
[14:12:16] forecast-cv        ...
[14:28:38] forecast-cv        ok   982.3s  -> outputs\reports\logs\forecast-cv.log
[14:28:38] report             ...
[14:28:39] report             ok     0.3s  -> outputs\reports\logs\report.log

============================================================
  tests-correctness  ok                     7.1s
  tests-robustness   ok                    19.7s
  inspect            ok                     3.4s
  nowcast-train      ok                   139.4s
  baselines          ok                    20.7s
  forecast-cv        ok                   982.3s
  report             ok                     0.3s
  total                                  1172.8s
============================================================
ALL STAGES OK
