cache: 1167 sources, 1167 up to date, 0 to process with 3 worker(s)
cache: 1167 ok, 0 empty, 0 failed (0s this run)

Data: 796.2 observed days in 72 segment(s) [2024-02-01 -> 2026-09-13]
  SoLEXS 760.5 d, HEL1OS 111.9 d, simultaneous 76.3 d; 7187 flares detected
  archive mode (>= 30 days): stride_seconds 40.0 -> 120.0, max_batches_per_epoch 0 -> 400
Windows: 563472  split=global: train 250088 (thinned from 338083) / val 112664 / test 112665

==========================================================================
TEST-SET EVALUATION
==========================================================================

[1] Nowcast: flare in progress   (threshold 0.33 fitted on validation)
    base rate 0.083   TSS 0.768   HSS 0.662   AUC 0.9444
    POD 0.816  FAR 0.395  CSI 0.532  F1 0.695
    Brier 0.0558   BSS vs climatology 0.2663
    TP 7535.0 FP 4923.0 FN 1701.0 TN 97124.0

[2] Nowcast: flare phase   accuracy 0.905   macro-F1 0.647
    quiet  P 0.985 R 0.926 F1 0.954  n=102047
    rise   P 0.286 R 0.547 F1 0.376  n=4165
    peak   P 0.534 R 0.650 F1 0.586  n=2029
    decay  P 0.544 R 0.880 F1 0.672  n=3042

[3] Forecast: flare within horizon
     horizon    base     TSS     HSS     POD     FAR     AUC      BSS
       15min   0.141   0.466   0.467   0.540   0.456   0.808   -0.045
       30min   0.193   0.348   0.368   0.447   0.481   0.752   -0.055
       60min   0.282   0.255   0.261   0.444   0.521   0.709   -0.023

[4] Nowcast regression (log flux)   MAE 0.0831  RMSE 0.1286  R2 0.8509

[5] Forecast regression (log flux), median quantile
     horizon     RMSE  persist     clim  vs_pers  vs_clim    corr   cover
        1min   0.1338   0.0214   0.5734   -5.251    0.767   0.946   0.933
        5min   0.1489   0.0727   0.5733   -1.048    0.740   0.928   0.921
       15min   0.1722   0.1326   0.5731   -0.299    0.699   0.880   0.900
       30min   0.2024   0.1742   0.5729   -0.162    0.647   0.834   0.865
       60min   0.2201   0.2112   0.5726   -0.042    0.616   0.784   0.849
    (skill > 0 beats that reference. Nominal interval coverage 0.80.)
    Beating persistence but NOT climatology, with corr ~ 0, means
    the model has fallen back to predicting the mean at that horizon.

[6] Ongoing-event peak   time-to-peak MAE 4.2 min   log-peak-flux MAE 0.136  (n=9236)

[7] Modality ablation (flare-in-progress skill on test)
          both  TSS 0.7676  AUC 0.9444
     soft_only  TSS 0.7360  AUC 0.9407
     hard_only  TSS 0.3600  AUC 0.7744
    clock_only  TSS 0.0000  AUC 0.5001
