cache: 1167 sources, 1167 up to date, 0 to process with 3 worker(s)
cache: 1167 ok, 0 empty, 0 failed (0s this run)

Data: 796.2 observed days in 72 segment(s) [2024-02-01 -> 2026-09-13]
  SoLEXS 760.5 d, HEL1OS 111.9 d, simultaneous 76.3 d; 7187 flares detected
  archive mode (>= 30 days): stride_seconds 40.0 -> 120.0, max_batches_per_epoch 0 -> 400
Windows: 563472  split=global: train 250088 (thinned from 338083) / val 112664 / test 112665

Channel-threshold cross-check (pipeline .lc == sum of channels 41+): 824/824 days exact

GOES flares (>= C1.0) on the data grid: 7187
  classes: C:5861 M:1250 X:76
  duration: median 15 min, 1% longer than 1 h
  per month: 2024-02:290 2024-03:212 2024-04:230 2024-05:395 2024-06:322 2024-07:330 2024-08:340 2024-09:195 2024-10:256 2024-11:273 2024-12:345 2025-01:236 2025-02:212 2025-03:199 2025-04:186 2025-05:173 2025-06:181 2025-07:92 2025-08:231 2025-09:108 2025-10:187 2025-11:305 2025-12:279 2026-01:238 2026-02:207 2026-03:137 2026-04:212 2026-05:222 2026-06:196 2026-07:216 2026-08:143 2026-09:39
  largest 15:
    2024-10-03 12:08 -> peak 12:18 -> 12:26    X8.8  rise  10.0 min  dur   18.0 min
    2024-05-14 16:46 -> peak 16:51 -> 17:01    X8.5  rise   5.0 min  dur   15.0 min
    2026-02-01 23:44 -> peak 23:57 -> 00:04    X8.1  rise  13.0 min  dur   20.0 min
    2024-10-01 21:58 -> peak 22:20 -> 22:28    X6.9  rise  22.0 min  dur   30.0 min
    2024-02-22 22:08 -> peak 22:34 -> 22:42    X6.3  rise  26.0 min  dur   34.0 min
    2024-05-11 01:10 -> peak 01:23 -> 01:38    X5.7  rise  13.0 min  dur   28.0 min
    2024-05-06 05:38 -> peak 06:35 -> 06:46    X4.4  rise  57.0 min  dur   68.0 min
    2024-09-14 15:13 -> peak 15:29 -> 15:46    X4.4  rise  16.0 min  dur   33.0 min
    2026-02-04 12:02 -> peak 12:13 -> 12:18    X4.2  rise  11.0 min  dur   16.0 min
    2025-11-14 07:44 -> peak 08:30 -> 08:40    X4.0  rise  46.0 min  dur   56.0 min
    2024-05-10 06:27 -> peak 06:54 -> 07:05    X3.8  rise  27.0 min  dur   38.0 min
    2024-05-15 08:18 -> peak 08:37 -> 08:51    X3.3  rise  19.0 min  dur   33.0 min
    2024-02-09 12:53 -> peak 13:14 -> 13:31    X3.2  rise  21.0 min  dur   38.0 min
    2024-10-24 03:30 -> peak 03:57 -> 04:27    X3.2  rise  27.0 min  dur   57.0 min
    2024-05-15 14:20 -> peak 14:38 -> 14:50    X2.9  rise  18.0 min  dur   30.0 min

Simultaneous SoLEXS + HEL1OS coverage: 76.29 days (HEL1OS total 111.90 days)
  per month (days): 2024-04:1.4 2024-05:2.5 2026-06:7.5 2026-07:28.4 2026-08:24.5 2026-09:12.0
  flares with HEL1OS covering >= 50% of the rise: 826 of 7187; largest X1.5
