cache: 1167 sources, 1167 up to date, 0 to process with 3 worker(s)
cache: 1167 ok, 0 empty, 0 failed (0s this run)

Data: 796.2 observed days in 72 segment(s) [2024-02-01 -> 2026-09-13]
  SoLEXS 760.5 d, HEL1OS 111.9 d, simultaneous 76.3 d; 7187 flares detected
  archive mode (>= 30 days): stride_seconds 40.0 -> 120.0, max_batches_per_epoch 0 -> 400
Windows: 563472  split=global: train 250088 (thinned from 338083) / val 112664 / test 112665
rise samples 70633; HEL1OS covers >= 50% of the rise for 826 events

===== all flares, train fraction 25% =====

--- encoder: tcn ---
  fold 0: train 2485 / test 17062 | peak MAE 0.2046 | ttp MAE 4.5 min | 163.4s
  fold 1: train 5088 / test 17671 | peak MAE 0.2231 | ttp MAE 4.5 min | 308.4s
  fold 2: train 8028 / test 18188 | peak MAE 0.3692 | ttp MAE 4.9 min | 480.8s

===== all flares, train fraction 50% =====

--- encoder: tcn ---
  fold 0: train 6941 / test 17062 | peak MAE 0.2020 | ttp MAE 4.7 min | 446.0s
  fold 1: train 13815 / test 17671 | peak MAE 0.2366 | ttp MAE 4.9 min | 722.5s
  fold 2: train 20656 / test 18188 | peak MAE 0.2267 | ttp MAE 4.6 min | 1710.9s

===== all flares, train fraction 75% =====

--- encoder: tcn ---
  fold 0: train 11327 / test 17062 | peak MAE 0.2070 | ttp MAE 4.4 min | 901.7s
  fold 1: train 22584 / test 17671 | peak MAE 0.2083 | ttp MAE 4.7 min | 1664.2s
  fold 2: train 33680 / test 18188 | peak MAE 0.2398 | ttp MAE 5.0 min | 2649.4s

===== all flares, train fraction 100% =====

--- encoder: tcn ---
  fold 0: train 15892 / test 17062 | peak MAE 0.1958 | ttp MAE 4.6 min | 1116.8s
  fold 1: train 31527 / test 17671 | peak MAE 0.1932 | ttp MAE 4.4 min | 1921.2s
  fold 2: train 47087 / test 18188 | peak MAE 0.2259 | ttp MAE 4.6 min | 1865.3s

===== HEL1OS overlap, soft+hard, train fraction 25% =====

--- encoder: tcn ---
  fold 0: train  357 / test 1808 | peak MAE 0.2024 | ttp MAE 5.2 min | 17.9s
  fold 1: train  564 / test 2197 | peak MAE 0.2703 | ttp MAE 6.3 min | 59.8s
  fold 2: train 1061 / test 2312 | peak MAE 0.2345 | ttp MAE 9.5 min | 75.3s

===== HEL1OS overlap, soft-only, train fraction 25% =====

--- encoder: tcn ---
  fold 0: train  357 / test 1808 | peak MAE 0.2180 | ttp MAE 4.5 min | 24.1s
  fold 1: train  564 / test 2197 | peak MAE 0.3046 | ttp MAE 7.2 min | 84.1s
  fold 2: train 1061 / test 2312 | peak MAE 0.2790 | ttp MAE 6.5 min | 67.4s

===== HEL1OS overlap, soft+hard, train fraction 50% =====

--- encoder: tcn ---
  fold 0: train  933 / test 1808 | peak MAE 0.2109 | ttp MAE 4.8 min | 119.3s
  fold 1: train 1406 / test 2197 | peak MAE 0.2561 | ttp MAE 7.0 min | 223.9s
  fold 2: train 2594 / test 2312 | peak MAE 0.2227 | ttp MAE 7.0 min | 242.8s

===== HEL1OS overlap, soft-only, train fraction 50% =====

--- encoder: tcn ---
  fold 0: train  933 / test 1808 | peak MAE 0.2149 | ttp MAE 3.9 min | 62.7s
  fold 1: train 1406 / test 2197 | peak MAE 0.3224 | ttp MAE 7.4 min | 138.4s
  fold 2: train 2594 / test 2312 | peak MAE 0.2673 | ttp MAE 6.1 min | 145.6s

===== HEL1OS overlap, soft+hard, train fraction 75% =====

--- encoder: tcn ---
  fold 0: train 1422 / test 1808 | peak MAE 0.2068 | ttp MAE 5.1 min | 140.7s
  fold 1: train 2523 / test 2197 | peak MAE 0.2849 | ttp MAE 7.4 min | 261.4s
  fold 2: train 3977 / test 2312 | peak MAE 0.2522 | ttp MAE 7.7 min | 288.3s

===== HEL1OS overlap, soft-only, train fraction 75% =====

--- encoder: tcn ---
  fold 0: train 1422 / test 1808 | peak MAE 0.2381 | ttp MAE 4.2 min | 66.9s
  fold 1: train 2523 / test 2197 | peak MAE 0.3391 | ttp MAE 6.3 min | 171.4s
  fold 2: train 3977 / test 2312 | peak MAE 0.2492 | ttp MAE 6.3 min | 285.7s

===== HEL1OS overlap, soft+hard, train fraction 100% =====

--- encoder: tcn ---
  fold 0: train 1908 / test 1808 | peak MAE 0.2163 | ttp MAE 3.9 min | 185.2s
  fold 1: train 3498 / test 2197 | peak MAE 0.3220 | ttp MAE 6.5 min | 279.0s
  fold 2: train 5528 / test 2312 | peak MAE 0.2223 | ttp MAE 5.9 min | 337.4s

===== HEL1OS overlap, soft-only, train fraction 100% =====

--- encoder: tcn ---
  fold 0: train 1908 / test 1808 | peak MAE 0.2262 | ttp MAE 4.4 min | 83.5s
  fold 1: train 3498 / test 2197 | peak MAE 0.3348 | ttp MAE 6.2 min | 215.1s
  fold 2: train 5528 / test 2312 | peak MAE 0.2686 | ttp MAE 7.6 min | 298.4s

LEARNING CURVE (peak log-MAE, dex; lower is better)
 fraction   all flares     ±sd |  HEL1OS soft+hard  soft-only     gain
      25%       0.2656  0.0736 |            0.2358     0.2672  +0.0315
      50%       0.2218  0.0146 |            0.2299     0.2682  +0.0383
      75%       0.2184  0.0152 |            0.2480     0.2755  +0.0275
     100%       0.2050  0.0148 |            0.2535     0.2765  +0.0230

wrote outputs\archive_goes\reports\learning_curve.json
