cache: 1167 sources, 1167 up to date, 0 to process with 3 worker(s)
cache: 1167 ok, 0 empty, 0 failed (0s this run)

Data: 796.2 observed days in 72 segment(s) [2024-02-01 -> 2026-09-13]
  SoLEXS 760.5 d, HEL1OS 111.9 d, simultaneous 76.3 d; 7187 flares detected
  archive mode (>= 30 days): stride_seconds 40.0 -> 120.0, max_batches_per_epoch 0 -> 400
Windows: 563472  split=global: train 250088 (thinned from 338083) / val 112664 / test 112665

wrote 2 data figures to outputs\archive_goes\figures

device=cuda  params=463,615  receptive field=541 steps (window 360)
train batches=400  val batches=1761  test batches=1761
ep   0 | loss 3.3637 | now 0.959 fore 0.998 occ 0.157 | vTSS 0.697 vTSSocc 0.322 vMAE 0.180 | score 0.5006  *
ep   1 | loss 0.5768 | now 0.076 fore 0.125 occ 0.150 | vTSS 0.718 vTSSocc 0.335 vMAE 0.189 | score 0.5173  *
ep   2 | loss -0.0263 | now 0.067 fore 0.110 occ 0.148 | vTSS 0.742 vTSSocc 0.321 vMAE 0.149 | score 0.5244  *
ep   3 | loss -0.6221 | now 0.054 fore 0.096 occ 0.145 | vTSS 0.734 vTSSocc 0.327 vMAE 0.107 | score 0.5250  *
ep   4 | loss -1.0088 | now 0.048 fore 0.088 occ 0.145 | vTSS 0.750 vTSSocc 0.322 vMAE 0.112 | score 0.5302  *
ep   5 | loss -1.2896 | now 0.044 fore 0.083 occ 0.144 | vTSS 0.757 vTSSocc 0.335 vMAE 0.192 | score 0.5365  *
ep   6 | loss -1.4879 | now 0.041 fore 0.080 occ 0.144 | vTSS 0.751 vTSSocc 0.343 vMAE 0.118 | score 0.5413  *
ep   7 | loss -1.5679 | now 0.041 fore 0.079 occ 0.143 | vTSS 0.754 vTSSocc 0.334 vMAE 0.146 | score 0.5363
ep   8 | loss -1.6581 | now 0.038 fore 0.077 occ 0.143 | vTSS 0.728 vTSSocc 0.307 vMAE 0.092 | score 0.5132
ep   9 | loss -1.7303 | now 0.036 fore 0.075 occ 0.143 | vTSS 0.752 vTSSocc 0.343 vMAE 0.102 | score 0.5424  *
ep  10 | loss -1.7445 | now 0.035 fore 0.074 occ 0.144 | vTSS 0.745 vTSSocc 0.331 vMAE 0.104 | score 0.5327
ep  11 | loss -1.7460 | now 0.034 fore 0.073 occ 0.143 | vTSS 0.746 vTSSocc 0.328 vMAE 0.118 | score 0.5311
ep  12 | loss -1.8023 | now 0.033 fore 0.072 occ 0.143 | vTSS 0.765 vTSSocc 0.341 vMAE 0.106 | score 0.5476  *
ep  13 | loss -1.8300 | now 0.033 fore 0.071 occ 0.142 | vTSS 0.759 vTSSocc 0.336 vMAE 0.237 | score 0.5353
ep  14 | loss -1.8687 | now 0.030 fore 0.070 occ 0.141 | vTSS 0.754 vTSSocc 0.328 vMAE 0.091 | score 0.5364
ep  15 | loss -1.9060 | now 0.029 fore 0.069 occ 0.143 | vTSS 0.758 vTSSocc 0.329 vMAE 0.211 | score 0.5328
ep  16 | loss -1.9231 | now 0.029 fore 0.067 occ 0.141 | vTSS 0.752 vTSSocc 0.333 vMAE 0.135 | score 0.5355
ep  17 | loss -1.9834 | now 0.028 fore 0.066 occ 0.142 | vTSS 0.768 vTSSocc 0.330 vMAE 0.153 | score 0.5416
ep  18 | loss -2.0469 | now 0.027 fore 0.065 occ 0.141 | vTSS 0.766 vTSSocc 0.350 vMAE 0.125 | score 0.5519  *
ep  19 | loss -2.0299 | now 0.026 fore 0.065 occ 0.140 | vTSS 0.762 vTSSocc 0.348 vMAE 0.128 | score 0.5483
ep  20 | loss -2.1199 | now 0.025 fore 0.064 occ 0.139 | vTSS 0.762 vTSSocc 0.339 vMAE 0.100 | score 0.5458
ep  21 | loss -2.0975 | now 0.025 fore 0.063 occ 0.140 | vTSS 0.771 vTSSocc 0.348 vMAE 0.110 | score 0.5542  *
ep  22 | loss -2.1631 | now 0.024 fore 0.062 occ 0.139 | vTSS 0.763 vTSSocc 0.349 vMAE 0.079 | score 0.5522
ep  23 | loss -2.1393 | now 0.024 fore 0.062 occ 0.140 | vTSS 0.771 vTSSocc 0.363 vMAE 0.114 | score 0.5616  *
ep  24 | loss -2.1875 | now 0.023 fore 0.061 occ 0.140 | vTSS 0.778 vTSSocc 0.370 vMAE 0.090 | score 0.5696  *
ep  25 | loss -2.2171 | now 0.023 fore 0.060 occ 0.139 | vTSS 0.779 vTSSocc 0.350 vMAE 0.106 | score 0.5593
ep  26 | loss -2.3022 | now 0.022 fore 0.059 occ 0.139 | vTSS 0.765 vTSSocc 0.352 vMAE 0.091 | score 0.5540
ep  27 | loss -2.2782 | now 0.022 fore 0.058 occ 0.140 | vTSS 0.758 vTSSocc 0.362 vMAE 0.087 | score 0.5559
ep  28 | loss -2.2558 | now 0.022 fore 0.058 occ 0.139 | vTSS 0.761 vTSSocc 0.336 vMAE 0.125 | score 0.5422
ep  29 | loss -2.3035 | now 0.022 fore 0.057 occ 0.137 | vTSS 0.775 vTSSocc 0.345 vMAE 0.128 | score 0.5535
ep  30 | loss -2.2936 | now 0.021 fore 0.057 occ 0.139 | vTSS 0.765 vTSSocc 0.339 vMAE 0.119 | score 0.5460
ep  31 | loss -2.3196 | now 0.021 fore 0.056 occ 0.137 | vTSS 0.775 vTSSocc 0.360 vMAE 0.087 | score 0.5630
ep  32 | loss -2.3385 | now 0.021 fore 0.056 occ 0.138 | vTSS 0.776 vTSSocc 0.357 vMAE 0.095 | score 0.5619
ep  33 | loss -2.3332 | now 0.021 fore 0.056 occ 0.138 | vTSS 0.764 vTSSocc 0.374 vMAE 0.117 | score 0.5631
ep  34 | loss -2.4412 | now 0.019 fore 0.055 occ 0.138 | vTSS 0.780 vTSSocc 0.355 vMAE 0.096 | score 0.5626
ep  35 | loss -2.4806 | now 0.019 fore 0.054 occ 0.137 | vTSS 0.784 vTSSocc 0.377 vMAE 0.098 | score 0.5757  *
ep  36 | loss -2.4206 | now 0.020 fore 0.054 occ 0.137 | vTSS 0.773 vTSSocc 0.376 vMAE 0.089 | score 0.5701
ep  37 | loss -2.4852 | now 0.019 fore 0.054 occ 0.137 | vTSS 0.775 vTSSocc 0.368 vMAE 0.092 | score 0.5669
ep  38 | loss -2.5182 | now 0.019 fore 0.053 occ 0.137 | vTSS 0.777 vTSSocc 0.368 vMAE 0.107 | score 0.5672
ep  39 | loss -2.4970 | now 0.019 fore 0.053 occ 0.136 | vTSS 0.777 vTSSocc 0.366 vMAE 0.103 | score 0.5661
ep  40 | loss -2.5373 | now 0.018 fore 0.052 occ 0.136 | vTSS 0.778 vTSSocc 0.361 vMAE 0.096 | score 0.5648
ep  41 | loss -2.4988 | now 0.019 fore 0.053 occ 0.136 | vTSS 0.771 vTSSocc 0.351 vMAE 0.104 | score 0.5560
ep  42 | loss -2.5116 | now 0.019 fore 0.052 occ 0.136 | vTSS 0.778 vTSSocc 0.355 vMAE 0.092 | score 0.5621
ep  43 | loss -2.5025 | now 0.019 fore 0.052 occ 0.136 | vTSS 0.781 vTSSocc 0.372 vMAE 0.091 | score 0.5720
ep  44 | loss -2.4865 | now 0.019 fore 0.052 occ 0.135 | vTSS 0.776 vTSSocc 0.360 vMAE 0.100 | score 0.5628
ep  45 | loss -2.5286 | now 0.019 fore 0.052 occ 0.136 | vTSS 0.779 vTSSocc 0.376 vMAE 0.104 | score 0.5722
ep  46 | loss -2.5871 | now 0.018 fore 0.051 occ 0.135 | vTSS 0.775 vTSSocc 0.362 vMAE 0.086 | score 0.5646
ep  47 | loss -2.5814 | now 0.018 fore 0.051 occ 0.135 | vTSS 0.778 vTSSocc 0.365 vMAE 0.102 | score 0.5666
early stop at epoch 47 (best 35)

trained 48 epochs in 15669.2s; best epoch 35 score 0.5757
checkpoint: outputs\archive_goes\checkpoints\best.pt

==========================================================================
TEST-SET EVALUATION
==========================================================================

[1] Nowcast: flare in progress   (threshold 0.33 fitted on validation)
    base rate 0.083   TSS 0.768   HSS 0.660   AUC 0.9444
    POD 0.817  FAR 0.399  CSI 0.530  F1 0.693
    Brier 0.0558   BSS vs climatology 0.2663
    TP 7548.0 FP 5010.0 FN 1688.0 TN 97037.0

[2] Nowcast: flare phase   accuracy 0.905   macro-F1 0.647
    quiet  P 0.985 R 0.926 F1 0.954  n=102047
    rise   P 0.286 R 0.547 F1 0.376  n=4165
    peak   P 0.534 R 0.650 F1 0.586  n=2029
    decay  P 0.544 R 0.880 F1 0.672  n=3042

[3] Forecast: flare within horizon
     horizon    base     TSS     HSS     POD     FAR     AUC      BSS
       15min   0.141   0.466   0.469   0.538   0.451   0.808   -0.045
       30min   0.193   0.348   0.368   0.447   0.481   0.752   -0.055
       60min   0.282   0.255   0.261   0.444   0.521   0.709   -0.023

[4] Nowcast regression (log flux)   MAE 0.0830  RMSE 0.1286  R2 0.8509

[5] Forecast regression (log flux), median quantile
     horizon     RMSE  persist     clim  vs_pers  vs_clim    corr   cover
        1min   0.1338   0.1262   0.5709   -0.060    0.766   0.946   0.933
        5min   0.1489   0.2307   0.5709    0.355    0.739   0.928   0.922
       15min   0.1722   0.3686   0.5708    0.533    0.698   0.880   0.900
       30min   0.2024   0.4948   0.5708    0.591    0.645   0.834   0.865
       60min   0.2203   0.6481   0.5707    0.660    0.614   0.784   0.849
    (skill > 0 beats that reference. Nominal interval coverage 0.80.)
    Beating persistence but NOT climatology, with corr ~ 0, means
    the model has fallen back to predicting the mean at that horizon.

[6] Ongoing-event peak   time-to-peak MAE 4.2 min   log-peak-flux MAE 0.136  (n=9236)

[7] Modality ablation (flare-in-progress skill on test)
          both  TSS 0.7681  AUC 0.9444
     soft_only  TSS 0.7369  AUC 0.9407
     hard_only  TSS 0.3602  AUC 0.7744
    clock_only  TSS 0.0000  AUC 0.5000

figures: outputs\archive_goes\figures
report:  outputs\archive_goes\reports\evaluation.json
