cache: 1167 sources, 1167 up to date, 0 to process with 3 worker(s)
cache: 1167 ok, 0 empty, 0 failed (0s this run)

Data: 796.2 observed days in 72 segment(s) [2024-02-01 -> 2026-09-13]
  SoLEXS 760.5 d, HEL1OS 111.9 d, simultaneous 76.3 d; 8944 flares detected
  archive mode (>= 30 days): stride_seconds 40.0 -> 120.0, max_batches_per_epoch 0 -> 400
Windows: 563472  split=global: train 319756 (thinned from 338083) / val 112664 / test 112665
D:\Deep Learning algorithm for Forecasting and Nowcasting Solar Flares using combined Soft and Hard X-ray data from Aditya-L1 (SoLEXS + HEL1OS)\solarflare\baselines.py:45: RuntimeWarning: Mean of empty slice
  m_short = np.nan_to_num(np.nanmean(xv[-max(n // 12, 1):], axis=0), nan=0.0)
D:\Deep Learning algorithm for Forecasting and Nowcasting Solar Flares using combined Soft and Hard X-ray data from Aditya-L1 (SoLEXS + HEL1OS)\solarflare\baselines.py:46: RuntimeWarning: Mean of empty slice
  m_mid = np.nan_to_num(np.nanmean(xv[-max(n // 4, 1):], axis=0), nan=0.0)

==========================================================================
BASELINES (same splits, same windows)
==========================================================================

Flare in progress:
         model     TSS     HSS     AUC      BSS
      logistic   0.643   0.627   0.885    0.394
          gbdt   0.700   0.683   0.928    0.570
   climatology   0.000   0.000   0.500    0.000

Flare occurrence within horizon (TSS):
         model    15min    30min    60min
      logistic    0.534    0.252    0.202
          gbdt    0.605    0.557    0.459

Forecast RMSE (log flux):
         model     1min     5min    15min    30min    60min
   persistence   0.1576   0.3410   0.5764   0.7360   0.8741
          gbdt   0.1376   0.3191   0.5441   0.7116   0.7612

wrote outputs\archive\reports\baselines.json
