indexed 1167 sources under D:\Data: hel1os/product 343, solexs/zip 824
cache: 1167 sources, 824 up to date, 343 to process with 3 worker(s)
  [10/343] HLS_20240530_120007_43185sec_lev1_V111   (321 files/min, ~1 min left)
  [20/343] HLS_20240601_120007_14900sec_lev1_V111   (463 files/min, ~1 min left)
  [30/343] HLS_20240602_120003_43193sec_lev1_V111   (560 files/min, ~1 min left)
  [40/343] HLS_20240604_120003_43192sec_lev1_V111   (583 files/min, ~1 min left)
  [50/343] HLS_20240606_000012_39942sec_lev1_V111   (603 files/min, ~0 min left)
  [60/343] HLS_20240607_012534_38053sec_lev1_V111   (631 files/min, ~0 min left)
  [70/343] HLS_20240609_120003_43192sec_lev1_V111   (633 files/min, ~0 min left)
  [80/343] HLS_20240611_082401_12950sec_lev1_V111   (639 files/min, ~0 min left)
  [90/343] HLS_20240612_120000_43196sec_lev1_V111   (647 files/min, ~0 min left)
  [100/343] HLS_20240614_155058_29337sec_lev1_V111   (646 files/min, ~0 min left)
  [110/343] HLS_20240616_120000_43189sec_lev1_V111   (648 files/min, ~0 min left)
  [120/343] HLS_20240618_000010_4977sec_lev1_V211   (654 files/min, ~0 min left)
  [130/343] HLS_20240620_122329_41786sec_lev1_V111   (651 files/min, ~0 min left)
  [140/343] HLS_20240622_154859_29451sec_lev1_V211   (655 files/min, ~0 min left)
  [150/343] HLS_20240624_161205_28063sec_lev1_V111   (650 files/min, ~0 min left)
  [160/343] HLS_20240626_235954_43196sec_lev1_V111   (655 files/min, ~0 min left)
  [170/343] HLS_20240629_000010_5102sec_lev1_V111   (651 files/min, ~0 min left)
  [180/343] HLS_20260625_000011_43179sec_lev1_V111   (647 files/min, ~0 min left)
  [190/343] HLS_20260630_121027_42569sec_lev1_V111   (639 files/min, ~0 min left)
  [200/343] HLS_20260704_120001_43194sec_lev1_V211   (635 files/min, ~0 min left)
  [210/343] HLS_20260708_120005_43184sec_lev1_V111   (630 files/min, ~0 min left)
  [220/343] HLS_20260713_120003_43186sec_lev1_V111   (622 files/min, ~0 min left)
  [230/343] HLS_20260719_000005_43179sec_lev1_V111   (619 files/min, ~0 min left)
  [240/343] HLS_20260725_000008_43178sec_lev1_V111   (617 files/min, ~0 min left)
  [250/343] HLS_20260730_000007_43178sec_lev1_V111   (610 files/min, ~0 min left)
  [260/343] HLS_20260804_000005_43184sec_lev1_V111   (607 files/min, ~0 min left)
  [270/343] HLS_20260809_000008_43183sec_lev1_V111   (604 files/min, ~0 min left)
  [280/343] HLS_20260811_120004_43187sec_lev1_V312   (596 files/min, ~0 min left)
  [290/343] HLS_20260818_000009_43182sec_lev1_V111   (593 files/min, ~0 min left)
  [300/343] HLS_20260823_000007_43178sec_lev1_V111   (590 files/min, ~0 min left)
  [310/343] HLS_20260828_000012_43175sec_lev1_V111   (587 files/min, ~0 min left)
  [320/343] HLS_20260902_000011_43180sec_lev1_V111   (585 files/min, ~0 min left)
  [330/343] HLS_20260906_235953_43195sec_lev1_V111   (579 files/min, ~0 min left)
  [340/343] HLS_20260912_000012_43177sec_lev1_V111   (577 files/min, ~0 min left)
  [343/343] HLS_20260913_121028_42567sec_lev1_V111   (578 files/min, ~0 min left)
cache: 1167 ok, 0 empty, 0 failed (36s this run)
SoLEXS days cached per month: 2024-02:29 2024-03:28 2024-04:30 2024-05:31 2024-07:30 2024-08:30 2024-09:28 2024-10:30 2024-11:29 2024-12:27 2025-01:25 2025-02:23 2025-03:26 2025-04:25 2025-05:22 2025-06:25 2025-07:15 2025-08:25 2025-09:22 2025-10:27 2025-11:28 2025-12:29 2026-01:31 2026-02:25 2026-03:31 2026-04:26 2026-05:30 2026-06:28 2026-07:31 2026-08:26 2026-09:12
