cache: 1167 sources, 1167 up to date, 0 to process with 3 worker(s)
cache: 1167 ok, 0 empty, 0 failed (0s this run)

Data: 796.2 observed days in 72 segment(s) [2024-02-01 -> 2026-09-13]
  SoLEXS 760.5 d, HEL1OS 111.9 d, simultaneous 76.3 d; 8944 flares detected
  archive mode (>= 30 days): stride_seconds 40.0 -> 120.0, max_batches_per_epoch 0 -> 400
Windows: 563472  split=global: train 319756 (thinned from 338083) / val 112664 / test 112665

Channel-threshold cross-check (pipeline .lc == sum of channels 41+): 824/824 days exact

Flares detected: 8944
  peak/background: median 2.8x, 90th pct 25.1x, max 3568.5x
  duration: median 39 min, 38% longer than 1 h
  per month: 2024-02:311 2024-03:284 2024-04:315 2024-05:314 2024-07:314 2024-08:343 2024-09:302 2024-10:273 2024-11:309 2024-12:262 2025-01:298 2025-02:247 2025-03:318 2025-04:242 2025-05:283 2025-06:290 2025-07:202 2025-08:243 2025-09:256 2025-10:296 2025-11:344 2025-12:360 2026-01:308 2026-02:156 2026-03:315 2026-04:316 2026-05:348 2026-06:343 2026-07:324 2026-08:300 2026-09:128
  largest 15:
    2024-05-14 16:45 -> peak 16:49 -> 22:49  peak 24664.00 c/s   283.3x bg  rise   4.0 min  dur  364.3 min
    2026-02-01 23:16 -> peak 23:56 -> 04:01  peak 22601.03 c/s   224.1x bg  rise  40.0 min  dur  285.3 min
    2024-02-22 22:12 -> peak 22:32 -> 02:53  peak 21029.97 c/s   659.3x bg  rise  20.0 min  dur  281.0 min
    2024-10-02 21:22 -> peak 22:17 -> 00:00  peak 19440.05 c/s   474.3x bg  rise  55.0 min  dur  157.7 min
    2024-10-01 21:22 -> peak 22:17 -> 03:31  peak 19440.05 c/s   416.6x bg  rise  55.0 min  dur  368.3 min
    2024-10-03 12:12 -> peak 12:17 -> 17:48  peak 18517.63 c/s   112.3x bg  rise   4.3 min  dur  335.7 min
    2024-05-11 00:58 -> peak 01:19 -> 06:05  peak 17855.67 c/s   132.0x bg  rise  21.7 min  dur  307.0 min
    2024-09-14 14:08 -> peak 15:29 -> 23:07  peak 16435.65 c/s   590.2x bg  rise  81.0 min  dur  538.3 min
    2024-05-06 03:44 -> peak 06:34 -> 09:43  peak 16379.35 c/s   174.6x bg  rise 170.0 min  dur  359.0 min
    2024-05-06 03:44 -> peak 06:34 -> 16:11  peak 16379.35 c/s   174.6x bg  rise 170.0 min  dur  747.3 min
    2024-05-15 07:10 -> peak 08:36 -> 12:32  peak 15918.28 c/s   390.6x bg  rise  86.3 min  dur  321.7 min
    2024-02-09 12:24 -> peak 13:12 -> 15:21  peak 15701.70 c/s  1705.7x bg  rise  48.0 min  dur  176.7 min
    2024-05-10 06:12 -> peak 06:52 -> 13:00  peak 15758.98 c/s   157.7x bg  rise  40.3 min  dur  408.3 min
    2025-11-14 04:34 -> peak 08:29 -> 15:48  peak 15261.20 c/s  1815.8x bg  rise 235.7 min  dur  674.3 min
    2024-05-27 06:47 -> peak 07:08 -> 11:07  peak 13274.52 c/s   629.6x bg  rise  20.7 min  dur  260.3 min

Simultaneous SoLEXS + HEL1OS coverage: 76.29 days (HEL1OS total 111.90 days)
  per month (days): 2024-04:1.4 2024-05:2.5 2026-06:7.5 2026-07:28.4 2026-08:24.5 2026-09:12.0
  flares with HEL1OS covering >= 50% of the rise: 872 of 8944; largest 1322.9x background
