cache: 1167 sources, 1167 up to date, 0 to process with 3 worker(s)
cache: 1167 ok, 0 empty, 0 failed (0s this run)

Data: 796.2 observed days in 72 segment(s) [2024-02-01 -> 2026-09-13]
  SoLEXS 760.5 d, HEL1OS 111.9 d, simultaneous 76.3 d; 8944 flares detected
  archive mode (>= 30 days): stride_seconds 40.0 -> 120.0, max_batches_per_epoch 0 -> 400
Windows: 563472  split=global: train 319756 (thinned from 338083) / val 112664 / test 112665

wrote 2 data figures to outputs\archive\figures

device=cuda  params=463,615  receptive field=541 steps (window 360)
train batches=400  val batches=1761  test batches=1761
ep   0 | loss 3.9120 | now 0.499 fore 0.389 occ 0.101 | vTSS 0.634 vTSSocc 0.539 vMAE 0.348 | score 0.5690  *
ep   1 | loss 2.3262 | now 0.198 fore 0.190 occ 0.082 | vTSS 0.658 vTSSocc 0.535 vMAE 0.365 | score 0.5782  *
ep   2 | loss 1.7532 | now 0.188 fore 0.181 occ 0.082 | vTSS 0.662 vTSSocc 0.547 vMAE 0.349 | score 0.5871  *
ep   3 | loss 1.3755 | now 0.179 fore 0.177 occ 0.081 | vTSS 0.669 vTSSocc 0.563 vMAE 0.341 | score 0.5990  *
ep   4 | loss 1.2930 | now 0.176 fore 0.175 occ 0.082 | vTSS 0.680 vTSSocc 0.567 vMAE 0.307 | score 0.6079  *
ep   5 | loss 1.2587 | now 0.178 fore 0.173 occ 0.080 | vTSS 0.683 vTSSocc 0.571 vMAE 0.293 | score 0.6125  *
ep   6 | loss 1.2228 | now 0.171 fore 0.171 occ 0.080 | vTSS 0.670 vTSSocc 0.562 vMAE 0.302 | score 0.6007
ep   7 | loss 1.2585 | now 0.176 fore 0.171 occ 0.079 | vTSS 0.671 vTSSocc 0.565 vMAE 0.304 | score 0.6026
ep   8 | loss 1.2042 | now 0.168 fore 0.169 occ 0.079 | vTSS 0.675 vTSSocc 0.561 vMAE 0.336 | score 0.6011
ep   9 | loss 1.1970 | now 0.170 fore 0.167 occ 0.078 | vTSS 0.679 vTSSocc 0.565 vMAE 0.295 | score 0.6072
ep  10 | loss 1.2188 | now 0.170 fore 0.168 occ 0.079 | vTSS 0.679 vTSSocc 0.565 vMAE 0.295 | score 0.6075
ep  11 | loss 1.1923 | now 0.169 fore 0.168 occ 0.079 | vTSS 0.681 vTSSocc 0.570 vMAE 0.288 | score 0.6113
ep  12 | loss 1.1992 | now 0.167 fore 0.166 occ 0.080 | vTSS 0.679 vTSSocc 0.559 vMAE 0.298 | score 0.6042
ep  13 | loss 1.1907 | now 0.167 fore 0.167 occ 0.078 | vTSS 0.675 vTSSocc 0.567 vMAE 0.294 | score 0.6063
ep  14 | loss 1.1723 | now 0.163 fore 0.166 occ 0.080 | vTSS 0.671 vTSSocc 0.562 vMAE 0.284 | score 0.6019
ep  15 | loss 1.1389 | now 0.162 fore 0.163 occ 0.078 | vTSS 0.675 vTSSocc 0.565 vMAE 0.293 | score 0.6052
ep  16 | loss 1.1769 | now 0.168 fore 0.165 occ 0.079 | vTSS 0.685 vTSSocc 0.576 vMAE 0.294 | score 0.6157  *
ep  17 | loss 1.1393 | now 0.164 fore 0.164 occ 0.077 | vTSS 0.683 vTSSocc 0.575 vMAE 0.286 | score 0.6150
ep  18 | loss 1.1430 | now 0.164 fore 0.164 occ 0.078 | vTSS 0.677 vTSSocc 0.573 vMAE 0.285 | score 0.6107
ep  19 | loss 1.1535 | now 0.166 fore 0.164 occ 0.080 | vTSS 0.679 vTSSocc 0.564 vMAE 0.290 | score 0.6070
ep  20 | loss 1.1702 | now 0.164 fore 0.164 occ 0.078 | vTSS 0.681 vTSSocc 0.568 vMAE 0.282 | score 0.6101
ep  21 | loss 1.1467 | now 0.161 fore 0.162 occ 0.078 | vTSS 0.681 vTSSocc 0.566 vMAE 0.286 | score 0.6094
ep  22 | loss 1.1204 | now 0.162 fore 0.162 occ 0.078 | vTSS 0.679 vTSSocc 0.569 vMAE 0.284 | score 0.6099
ep  23 | loss 1.1334 | now 0.165 fore 0.164 occ 0.079 | vTSS 0.685 vTSSocc 0.572 vMAE 0.287 | score 0.6141
ep  24 | loss 1.1583 | now 0.169 fore 0.163 occ 0.079 | vTSS 0.685 vTSSocc 0.568 vMAE 0.286 | score 0.6126
ep  25 | loss 1.1054 | now 0.158 fore 0.161 occ 0.078 | vTSS 0.684 vTSSocc 0.568 vMAE 0.284 | score 0.6120
ep  26 | loss 1.0817 | now 0.157 fore 0.160 occ 0.078 | vTSS 0.687 vTSSocc 0.574 vMAE 0.279 | score 0.6164  *
ep  27 | loss 1.0987 | now 0.159 fore 0.161 occ 0.078 | vTSS 0.684 vTSSocc 0.574 vMAE 0.291 | score 0.6142
ep  28 | loss 1.0886 | now 0.162 fore 0.161 occ 0.077 | vTSS 0.683 vTSSocc 0.570 vMAE 0.280 | score 0.6128
ep  29 | loss 1.1766 | now 0.172 fore 0.163 occ 0.078 | vTSS 0.685 vTSSocc 0.573 vMAE 0.280 | score 0.6151
ep  30 | loss 1.0971 | now 0.162 fore 0.161 occ 0.078 | vTSS 0.688 vTSSocc 0.573 vMAE 0.282 | score 0.6161
ep  31 | loss 1.0888 | now 0.164 fore 0.163 occ 0.077 | vTSS 0.682 vTSSocc 0.569 vMAE 0.279 | score 0.6119
ep  32 | loss 1.0958 | now 0.163 fore 0.161 occ 0.077 | vTSS 0.683 vTSSocc 0.572 vMAE 0.287 | score 0.6128
ep  33 | loss 1.0837 | now 0.158 fore 0.160 occ 0.076 | vTSS 0.684 vTSSocc 0.567 vMAE 0.280 | score 0.6113
ep  34 | loss 1.0863 | now 0.163 fore 0.161 occ 0.076 | vTSS 0.685 vTSSocc 0.571 vMAE 0.281 | score 0.6141
ep  35 | loss 1.0579 | now 0.158 fore 0.160 occ 0.075 | vTSS 0.683 vTSSocc 0.574 vMAE 0.280 | score 0.6144
ep  36 | loss 1.0914 | now 0.160 fore 0.161 occ 0.077 | vTSS 0.683 vTSSocc 0.575 vMAE 0.279 | score 0.6150
ep  37 | loss 1.0802 | now 0.164 fore 0.161 occ 0.076 | vTSS 0.685 vTSSocc 0.575 vMAE 0.279 | score 0.6163
ep  38 | loss 1.0282 | now 0.154 fore 0.159 occ 0.075 | vTSS 0.686 vTSSocc 0.573 vMAE 0.281 | score 0.6154
early stop at epoch 38 (best 26)

trained 39 epochs in 11566.6s; best epoch 26 score 0.6164
checkpoint: outputs\archive\checkpoints\best.pt

==========================================================================
TEST-SET EVALUATION
==========================================================================

[1] Nowcast: flare in progress   (threshold 0.54 fitted on validation)
    base rate 0.563   TSS 0.706   HSS 0.689   AUC 0.9313
    POD 0.776  FAR 0.066  CSI 0.736  F1 0.848
    Brier 0.1167   BSS vs climatology 0.5259
    TP 47162.0 FP 3326.0 FN 13616.0 TN 43933.0

[2] Nowcast: flare phase   accuracy 0.661   macro-F1 0.545
    quiet  P 0.772 R 0.917 F1 0.839  n=47259
    rise   P 0.414 R 0.284 F1 0.337  n=21067
    peak   P 0.241 R 0.852 F1 0.376  n=3844
    decay  P 0.788 R 0.526 F1 0.631  n=35867

[3] Forecast: flare within horizon
     horizon    base     TSS     HSS     POD     FAR     AUC      BSS
       15min   0.678   0.606   0.516   0.661   0.037   0.882    0.334
       30min   0.765   0.569   0.406   0.628   0.028   0.861    0.228
       60min   0.870   0.561   0.273   0.622   0.014   0.853    0.049

[4] Nowcast regression (log flux)   MAE 0.0845  RMSE 0.1146  R2 0.9903

[5] Forecast regression (log flux), median quantile
     horizon     RMSE  persist     clim  vs_pers  vs_clim    corr   cover
        1min   0.1614   0.1576   1.7611   -0.024    0.908   0.991   0.762
        5min   0.3232   0.3410   1.7610    0.052    0.816   0.961   0.742
       15min   0.5214   0.5764   1.7609    0.095    0.704   0.895   0.713
       30min   0.6389   0.7360   1.7610    0.132    0.637   0.838   0.701
       60min   0.7384   0.8741   1.7608    0.155    0.581   0.780   0.682
    (skill > 0 beats that reference. Nominal interval coverage 0.80.)
    Beating persistence but NOT climatology, with corr ~ 0, means
    the model has fallen back to predicting the mean at that horizon.

[6] Ongoing-event peak   time-to-peak MAE 55.9 min   log-peak-flux MAE 0.627  (n=60749)

[7] Modality ablation (flare-in-progress skill on test)
          both  TSS 0.7056  AUC 0.9313
     soft_only  TSS 0.7143  AUC 0.9340
     hard_only  TSS 0.2317  AUC 0.6902
    clock_only  TSS 0.0000  AUC 0.5000

figures: outputs\archive\figures
report:  outputs\archive\reports\evaluation.json
