[09:52:23] waiting for the seed chain
[09:54:23] waiting for the seed chain
[09:56:23] waiting for the seed chain
[09:58:23] waiting for the seed chain
[10:00:23] waiting for the seed chain
[10:02:23] waiting for the seed chain
[10:04:23] waiting for the seed chain
[10:06:23] waiting for the seed chain
[10:08:23] waiting for the seed chain
[10:10:23] waiting for the seed chain
[10:12:23] waiting for the seed chain
[10:14:23] waiting for the seed chain
[10:16:23] waiting for the seed chain
[10:18:23] waiting for the seed chain
[10:20:23] waiting for the seed chain
[10:22:23] waiting for the seed chain
[10:24:23] waiting for the seed chain
[10:26:23] waiting for the seed chain
[10:28:23] waiting for the seed chain
[10:30:23] waiting for the seed chain
[10:32:23] waiting for the seed chain
[10:34:23] waiting for the seed chain
[10:36:23] waiting for the seed chain
[10:38:23] waiting for the seed chain
[10:40:23] waiting for the seed chain
[10:42:23] waiting for the seed chain
[10:44:23] waiting for the seed chain
[10:46:23] waiting for the seed chain
[10:48:23] waiting for the seed chain
[10:50:23] waiting for the seed chain
[10:52:23] waiting for the seed chain
[10:54:23] waiting for the seed chain
[10:56:23] waiting for the seed chain
[10:58:23] waiting for the seed chain
[11:00:23] waiting for the seed chain
[11:02:23] waiting for the seed chain
[11:04:23] learning curve ...
[16:04:12] learning curve exit=0 (17989s)
[16:04:12] patchtst rise CV ...
[16:04:13] patchtst rise CV exit=2 (0s)
[16:04:13] recalibrate probabilities ...
[16:10:42] recalibrate probabilities exit=0 (390s)
[16:10:42] anchored-flux retrain ...
[20:17:50] anchored-flux retrain exit=0 (14827s)
[20:17:50] anchored fair references ...
[20:22:25] anchored fair references exit=0 (275s)
DAY2 CHAIN DONE
