SoLEXS observations:
  SDD2 20260910  n=86400  valid=86376  (100.0%)
HEL1OS observations:
  CZT1 2026-09-11T12:00:03 -> 2026-09-11T23:59:58  n=43188  sampled=17.2%  bands=5

  SDD2: light-curve channel threshold cross-check OK over 86376 bins
  SDD2: 13 flares detected
    00:24:20 -> peak 00:38:20 -> 02:13:20  peak  15.63 c/s    27.4x background   rise  14.0 min   dur  109.0 min
    07:43:00 -> peak 07:45:40 -> 08:35:40  peak   4.47 c/s    10.2x background   rise   2.7 min   dur   52.7 min
    08:45:40 -> peak 08:53:20 -> 08:57:40  peak   2.02 c/s     3.5x background   rise   7.7 min   dur   12.0 min
    11:29:20 -> peak 11:46:40 -> 12:06:00  peak   2.27 c/s     2.5x background   rise  17.3 min   dur   36.7 min
    12:18:20 -> peak 12:48:00 -> 12:51:20  peak   2.17 c/s     2.1x background   rise  29.7 min   dur   33.0 min
    13:46:40 -> peak 13:49:00 -> 14:09:40  peak   3.27 c/s     3.4x background   rise   2.3 min   dur   23.0 min
    15:43:20 -> peak 15:57:20 -> 16:00:20  peak   1.83 c/s     1.3x background   rise  14.0 min   dur   17.0 min
    16:56:40 -> peak 17:11:20 -> 20:26:20  peak  20.20 c/s    24.2x background   rise  14.7 min   dur  209.7 min
    21:08:00 -> peak 21:14:20 -> 21:16:40  peak   1.20 c/s     2.4x background   rise   6.3 min   dur    8.7 min
    21:43:20 -> peak 21:46:00 -> 21:49:20  peak   1.02 c/s     1.9x background   rise   2.7 min   dur    6.0 min
    22:07:40 -> peak 22:10:40 -> 22:14:00  peak   2.53 c/s     6.2x background   rise   3.0 min   dur    6.3 min
    23:19:20 -> peak 23:22:00 -> 23:28:00  peak   1.37 c/s     3.6x background   rise   2.7 min   dur    8.7 min
    23:34:00 -> peak 23:36:00 -> 23:41:40  peak   4.60 c/s    14.3x background   rise   2.0 min   dur    7.7 min

  SDD2 energy-scale diagnostics:
  Persistent lines in the quietest 52366 s (instrumental, not solar):
     channel      net   sigma   E (current cal)
      122.05      425    49.6          6.747 keV
      134.65       71     7.5          7.635 keV
       93.96       52     4.5          4.767 keV
      246.10       30     8.5         15.489 keV
       99.93       14     3.3          5.188 keV

  These are a ruler for the energy scale. The current gain in
  config.py is INFERRED from the instrument's published band, not
  measured. If you can identify the strongest line (an onboard
  Fe-55 source would give Mn Ka 5.895 / Kb 6.490 keV), pass the
  assignments to calibration.solve_gain() and put the result in
  SOLEXS_GAIN_KEV / SOLEXS_OFFSET_KEV.

  Strongest line: channel 122.05, which the current
  calibration places at 6.747 keV.
  Non-solar candidates near that energy (solar lines excluded --
  a constant quiet-Sun line cannot be solar):
    Fe55 Mn Kb                6.490 keV  -> gain x0.962
    Fe Ka (fluorescence)      6.404 keV  -> gain x0.949
    Fe55 Mn Ka                5.895 keV  -> gain x0.874

  Pair-spacing test (gain implied by each candidate pairing):
    ch 122.05 / 134.65  as Mn Kb - Mn Ka      -> gain 0.04725 keV/ch
    ch 122.05 / 134.65  as Ti Kb - Ti Ka      -> gain 0.03343 keV/ch
    ch  93.96 / 122.05  as Si escape (Mn Ka)  -> gain 0.06194 keV/ch
    ch  99.93 / 122.05  as Si escape (Mn Ka)  -> gain 0.07864 keV/ch
    ch  93.96 / 134.65  as Si escape (Mn Ka)  -> gain 0.04277 keV/ch
    ch  99.93 / 134.65  as Si escape (Mn Ka)  -> gain 0.05012 keV/ch
    ch  93.96 /  99.93  as Mn Kb - Mn Ka      -> gain 0.09971 keV/ch
    ch  93.96 /  99.93  as Ti Kb - Ti Ka      -> gain 0.07055 keV/ch

  CAUTION: on this dataset the candidate pairings do NOT agree on a
  single gain, so the identification is not determined by these data
  alone. Settle it with the SoLEXS response matrix or the
  instrument calibration note, then call solve_gain() with the
  confirmed assignments. Until then the configured gain remains an
  assumption, and band-integrated features absorb the uncertainty.

  CZT1: 17.2% of seconds carry telemetry
    18-160 keV: mean 151.0 c/s over sampled seconds (naive mean including fill rows: 26.0 c/s)

Temporal overlap between instruments:
  NONE. Soft and hard X-ray data do not overlap, so the fusion pathway cannot be trained on simultaneous data.
  The model still trains per-instrument via modality dropout; add overlapping days to enable true fusion.
